// Jest Snapshot v1, https://goo.gl/fbAQLP

exports[`Button component Should render a hello button 1`] = `
<div
  className="button false"
  onClick={[Function]}
  role="button"
>
  Hello
</div>
`;
